###############################################################################
#
# IAR ELF Linker V8.42.1.236/W32 for ARM                  25/Jan/2020  17:55:41
# Copyright 2007-2019 IAR Systems AB.
#
#    Output file  =
#        C:\Users\David R
#        Joslin\Desktop\ee_475\capstone-quadcopter\RxTx_ExternalController\STM_ExternalController\EWARM\STM_ExternalController\Exe\STM_ExternalController.out
#    Map file     =
#        C:\Users\David R
#        Joslin\Desktop\ee_475\capstone-quadcopter\RxTx_ExternalController\STM_ExternalController\EWARM\STM_ExternalController\List\STM_ExternalController.map
#    Command line =
#        -f C:\Users\DAVIDR~1\AppData\Local\Temp\EWE66F.tmp ("C:\Users\David R
#        Joslin\Desktop\ee_475\capstone-quadcopter\RxTx_ExternalController\STM_ExternalController\EWARM\STM_ExternalController\Obj\actuateMCU.o"
#        "C:\Users\David R
#        Joslin\Desktop\ee_475\capstone-quadcopter\RxTx_ExternalController\STM_ExternalController\EWARM\STM_ExternalController\Obj\DMA.o"
#        "C:\Users\David R
#        Joslin\Desktop\ee_475\capstone-quadcopter\RxTx_ExternalController\STM_ExternalController\EWARM\STM_ExternalController\Obj\main.o"
#        "C:\Users\David R
#        Joslin\Desktop\ee_475\capstone-quadcopter\RxTx_ExternalController\STM_ExternalController\EWARM\STM_ExternalController\Obj\startup_stm32f407xx.o"
#        "C:\Users\David R
#        Joslin\Desktop\ee_475\capstone-quadcopter\RxTx_ExternalController\STM_ExternalController\EWARM\STM_ExternalController\Obj\stm32f4xx_hal.o"
#        "C:\Users\David R
#        Joslin\Desktop\ee_475\capstone-quadcopter\RxTx_ExternalController\STM_ExternalController\EWARM\STM_ExternalController\Obj\stm32f4xx_hal_cortex.o"
#        "C:\Users\David R
#        Joslin\Desktop\ee_475\capstone-quadcopter\RxTx_ExternalController\STM_ExternalController\EWARM\STM_ExternalController\Obj\stm32f4xx_hal_dma.o"
#        "C:\Users\David R
#        Joslin\Desktop\ee_475\capstone-quadcopter\RxTx_ExternalController\STM_ExternalController\EWARM\STM_ExternalController\Obj\stm32f4xx_hal_dma_ex.o"
#        "C:\Users\David R
#        Joslin\Desktop\ee_475\capstone-quadcopter\RxTx_ExternalController\STM_ExternalController\EWARM\STM_ExternalController\Obj\stm32f4xx_hal_exti.o"
#        "C:\Users\David R
#        Joslin\Desktop\ee_475\capstone-quadcopter\RxTx_ExternalController\STM_ExternalController\EWARM\STM_ExternalController\Obj\stm32f4xx_hal_flash.o"
#        "C:\Users\David R
#        Joslin\Desktop\ee_475\capstone-quadcopter\RxTx_ExternalController\STM_ExternalController\EWARM\STM_ExternalController\Obj\stm32f4xx_hal_flash_ex.o"
#        "C:\Users\David R
#        Joslin\Desktop\ee_475\capstone-quadcopter\RxTx_ExternalController\STM_ExternalController\EWARM\STM_ExternalController\Obj\stm32f4xx_hal_flash_ramfunc.o"
#        "C:\Users\David R
#        Joslin\Desktop\ee_475\capstone-quadcopter\RxTx_ExternalController\STM_ExternalController\EWARM\STM_ExternalController\Obj\stm32f4xx_hal_gpio.o"
#        "C:\Users\David R
#        Joslin\Desktop\ee_475\capstone-quadcopter\RxTx_ExternalController\STM_ExternalController\EWARM\STM_ExternalController\Obj\stm32f4xx_hal_hcd.o"
#        "C:\Users\David R
#        Joslin\Desktop\ee_475\capstone-quadcopter\RxTx_ExternalController\STM_ExternalController\EWARM\STM_ExternalController\Obj\stm32f4xx_hal_i2s.o"
#        "C:\Users\David R
#        Joslin\Desktop\ee_475\capstone-quadcopter\RxTx_ExternalController\STM_ExternalController\EWARM\STM_ExternalController\Obj\stm32f4xx_hal_i2s_ex.o"
#        "C:\Users\David R
#        Joslin\Desktop\ee_475\capstone-quadcopter\RxTx_ExternalController\STM_ExternalController\EWARM\STM_ExternalController\Obj\stm32f4xx_hal_msp.o"
#        "C:\Users\David R
#        Joslin\Desktop\ee_475\capstone-quadcopter\RxTx_ExternalController\STM_ExternalController\EWARM\STM_ExternalController\Obj\stm32f4xx_hal_pwr.o"
#        "C:\Users\David R
#        Joslin\Desktop\ee_475\capstone-quadcopter\RxTx_ExternalController\STM_ExternalController\EWARM\STM_ExternalController\Obj\stm32f4xx_hal_pwr_ex.o"
#        "C:\Users\David R
#        Joslin\Desktop\ee_475\capstone-quadcopter\RxTx_ExternalController\STM_ExternalController\EWARM\STM_ExternalController\Obj\stm32f4xx_hal_rcc.o"
#        "C:\Users\David R
#        Joslin\Desktop\ee_475\capstone-quadcopter\RxTx_ExternalController\STM_ExternalController\EWARM\STM_ExternalController\Obj\stm32f4xx_hal_rcc_ex.o"
#        "C:\Users\David R
#        Joslin\Desktop\ee_475\capstone-quadcopter\RxTx_ExternalController\STM_ExternalController\EWARM\STM_ExternalController\Obj\stm32f4xx_hal_spi.o"
#        "C:\Users\David R
#        Joslin\Desktop\ee_475\capstone-quadcopter\RxTx_ExternalController\STM_ExternalController\EWARM\STM_ExternalController\Obj\stm32f4xx_hal_tim.o"
#        "C:\Users\David R
#        Joslin\Desktop\ee_475\capstone-quadcopter\RxTx_ExternalController\STM_ExternalController\EWARM\STM_ExternalController\Obj\stm32f4xx_hal_tim_ex.o"
#        "C:\Users\David R
#        Joslin\Desktop\ee_475\capstone-quadcopter\RxTx_ExternalController\STM_ExternalController\EWARM\STM_ExternalController\Obj\stm32f4xx_hal_uart.o"
#        "C:\Users\David R
#        Joslin\Desktop\ee_475\capstone-quadcopter\RxTx_ExternalController\STM_ExternalController\EWARM\STM_ExternalController\Obj\stm32f4xx_it.o"
#        "C:\Users\David R
#        Joslin\Desktop\ee_475\capstone-quadcopter\RxTx_ExternalController\STM_ExternalController\EWARM\STM_ExternalController\Obj\stm32f4xx_ll_usb.o"
#        "C:\Users\David R
#        Joslin\Desktop\ee_475\capstone-quadcopter\RxTx_ExternalController\STM_ExternalController\EWARM\STM_ExternalController\Obj\system_stm32f4xx.o"
#        "C:\Users\David R
#        Joslin\Desktop\ee_475\capstone-quadcopter\RxTx_ExternalController\STM_ExternalController\EWARM\STM_ExternalController\Obj\testLibrary.o"
#        "C:\Users\David R
#        Joslin\Desktop\ee_475\capstone-quadcopter\RxTx_ExternalController\STM_ExternalController\EWARM\STM_ExternalController\Obj\USART.o"
#        "C:\Users\David R
#        Joslin\Desktop\ee_475\capstone-quadcopter\RxTx_ExternalController\STM_ExternalController\EWARM\STM_ExternalController\Obj\usb_host.o"
#        "C:\Users\David R
#        Joslin\Desktop\ee_475\capstone-quadcopter\RxTx_ExternalController\STM_ExternalController\EWARM\STM_ExternalController\Obj\usbh_cdc.o"
#        "C:\Users\David R
#        Joslin\Desktop\ee_475\capstone-quadcopter\RxTx_ExternalController\STM_ExternalController\EWARM\STM_ExternalController\Obj\usbh_conf.o"
#        "C:\Users\David R
#        Joslin\Desktop\ee_475\capstone-quadcopter\RxTx_ExternalController\STM_ExternalController\EWARM\STM_ExternalController\Obj\usbh_core.o"
#        "C:\Users\David R
#        Joslin\Desktop\ee_475\capstone-quadcopter\RxTx_ExternalController\STM_ExternalController\EWARM\STM_ExternalController\Obj\usbh_ctlreq.o"
#        "C:\Users\David R
#        Joslin\Desktop\ee_475\capstone-quadcopter\RxTx_ExternalController\STM_ExternalController\EWARM\STM_ExternalController\Obj\usbh_ioreq.o"
#        "C:\Users\David R
#        Joslin\Desktop\ee_475\capstone-quadcopter\RxTx_ExternalController\STM_ExternalController\EWARM\STM_ExternalController\Obj\usbh_pipes.o"
#        "C:\Users\David R
#        Joslin\Desktop\ee_475\capstone-quadcopter\RxTx_ExternalController\STM_ExternalController\EWARM\STM_ExternalController\Obj\usbh_platform.o"
#        --redirect _Printf=_PrintfFull --redirect _Scanf=_ScanfFull
#        --no_out_extension -o "C:\Users\David R
#        Joslin\Desktop\ee_475\capstone-quadcopter\RxTx_ExternalController\STM_ExternalController\EWARM\STM_ExternalController\Exe\STM_ExternalController.out"
#        --map "C:\Users\David R
#        Joslin\Desktop\ee_475\capstone-quadcopter\RxTx_ExternalController\STM_ExternalController\EWARM\STM_ExternalController\List\STM_ExternalController.map"
#        --config "C:\Users\David R
#        Joslin\Desktop\ee_475\capstone-quadcopter\RxTx_ExternalController\STM_ExternalController\EWARM/stm32f407xx_flash.icf"
#        --semihosting --entry __iar_program_start --vfe --text_out locale)
#
###############################################################################

*******************************************************************************
*** RUNTIME MODEL ATTRIBUTES
***

CppFlavor       = *
__Heap_Handler  = Basic
__SystemLibrary = DLib
__dlib_version  = 6


*******************************************************************************
*** HEAP SELECTION
***

The basic heap was selected because some modules are built with
size limitations (and not runtime checking), and --advanced_heap
was not specified.


*******************************************************************************
*** PLACEMENT SUMMARY
***

"A0":  place at address 0x800'0000 { ro section .intvec };
"P1":  place in [from 0x800'0000 to 0x80f'ffff] { ro };
define block CSTACK with size = 1K, alignment = 8 { };
define block HEAP with size = 512, alignment = 8 { };
"P2":  place in [from 0x2000'0000 to 0x2001'ffff] {
          rw, block CSTACK, block HEAP };
initialize by copy { rw };

  Section            Kind         Address    Size  Object
  -------            ----         -------    ----  ------
"A0":                                       0x188
  .intvec            ro code   0x800'0000   0x188  startup_stm32f407xx.o [1]
                             - 0x800'0188   0x188

"P1":                                      0x32e8
  .text              ro code   0x800'0188   0x6dc  stm32f4xx_hal_hcd.o [1]
  .text              ro code   0x800'0864   0x4a4  stm32f4xx_ll_usb.o [1]
  .text              ro code   0x800'0d08    0xd8  usbh_conf.o [1]
  .text              ro code   0x800'0de0    0x28  stm32f4xx_hal.o [1]
  .text              ro code   0x800'0e08   0x31e  usbh_core.o [1]
  .text              ro code   0x800'1126    0x3a  zero_init3.o [4]
  .text              ro code   0x800'1160     0xc  stm32f4xx_hal.o [1]
  .text              ro code   0x800'116c     0x6  ABImemclr4.o [4]
  .text              ro code   0x800'1172    0x6a  usbh_pipes.o [1]
  .text              ro code   0x800'11dc   0x3f4  usbh_ctlreq.o [1]
  .text              ro code   0x800'15d0    0x32  ABImemset48.o [4]
  .text              ro code   0x800'1602    0x70  usbh_ioreq.o [1]
  .text              ro code   0x800'1672    0x2e  copy_init3.o [4]
  .text              ro code   0x800'16a0   0x352  main.o [1]
  .text              ro code   0x800'19f2    0x14  memset.o [4]
  .text              ro code   0x800'1a08   0x1e4  stm32f4xx_hal_gpio.o [1]
  .text              ro code   0x800'1bec    0xa8  stm32f4xx_hal_cortex.o [1]
  .text              ro code   0x800'1c94   0x278  stm32f4xx_hal_i2s.o [1]
  .text              ro code   0x800'1f0c    0x82  stm32f4xx_hal_spi.o [1]
  .text              ro code   0x800'1f90   0x15c  stm32f4xx_hal_uart.o [1]
  .text              ro code   0x800'20ec     0xc  usb_host.o [1]
  .text              ro code   0x800'20f8   0x310  stm32f4xx_hal_rcc.o [1]
  .text              ro code   0x800'2408   0x1ac  stm32f4xx_hal_rcc.o [1]
  .text              ro code   0x800'25b4   0x174  stm32f4xx_hal_rcc_ex.o [1]
  .text              ro code   0x800'2728    0x66  ABImemset.o [4]
  .text              ro code   0x800'2790   0x224  stm32f4xx_hal_msp.o [1]
  .text              ro code   0x800'29b4     0x2  stm32f4xx_hal_i2s.o [1]
  .text              ro code   0x800'29b6     0x2  stm32f4xx_hal_i2s.o [1]
  .text              ro code   0x800'29b8     0x2  stm32f4xx_hal_i2s.o [1]
  .text              ro code   0x800'29bc   0x106  I64DivMod_small.o [4]
  .text              ro code   0x800'2ac4    0x40  stm32f4xx_hal.o [1]
  .text              ro code   0x800'2b04   0x2e0  stm32f4xx_hal_dma.o [1]
  .text              ro code   0x800'2de4     0x2  I64DivZer.o [4]
  .text              ro code   0x800'2de8   0x244  stm32f4xx_hal_i2s_ex.o [1]
  .text              ro code   0x800'302c     0x2  stm32f4xx_hal_i2s_ex.o [1]
  .text              ro code   0x800'3030    0x84  actuateMCU.o [1]
  .text              ro code   0x800'30b4    0x18  ABImemcpy_small.o [4]
  .text              ro code   0x800'30cc    0x38  USART.o [1]
  .text              ro code   0x800'3104    0x7e  testLibrary.o [1]
  .text              ro code   0x800'3184    0x64  DMA.o [1]
  .text              ro code   0x800'31e8    0x38  stm32f4xx_it.o [1]
  .text              ro code   0x800'3220    0x10  stm32f4xx_hal.o [1]
  .text              ro code   0x800'3230    0x2c  system_stm32f4xx.o [1]
  .text              ro code   0x800'325c    0x28  data_init.o [4]
  .text              ro code   0x800'3284    0x22  fpinit_M.o [3]
  .iar.init_table    const     0x800'32a8    0x24  - Linker created -
  .text              ro code   0x800'32cc    0x1e  cmain.o [4]
  .text              ro code   0x800'32ea     0x4  low_level_init.o [2]
  .text              ro code   0x800'32ee     0x4  exit.o [2]
  .text              ro code   0x800'32f4     0xa  cexit.o [4]
  .text              ro code   0x800'3300    0x14  exit.o [5]
  .text              ro code   0x800'3314    0x10  startup_stm32f407xx.o [1]
  Initializer bytes  const     0x800'3324    0x10  <for P2-1>
  .text              ro code   0x800'3334     0xc  cstartup_M.o [4]
  .rodata            const     0x800'3340     0x8  system_stm32f4xx.o [1]
  .text              ro code   0x800'3348     0x4  startup_stm32f407xx.o [1]
  .text              ro code   0x800'334c     0x4  startup_stm32f407xx.o [1]
  .text              ro code   0x800'3350     0x4  startup_stm32f407xx.o [1]
  .text              ro code   0x800'3354     0x4  startup_stm32f407xx.o [1]
  .text              ro code   0x800'3358     0x4  startup_stm32f407xx.o [1]
  .text              ro code   0x800'335c     0x4  startup_stm32f407xx.o [1]
  .text              ro code   0x800'3360     0x4  startup_stm32f407xx.o [1]
  .text              ro code   0x800'3364     0x4  startup_stm32f407xx.o [1]
  .text              ro code   0x800'3368     0x4  startup_stm32f407xx.o [1]
  .text              ro code   0x800'336c     0x4  startup_stm32f407xx.o [1]
  .text              ro code   0x800'3370     0x4  startup_stm32f407xx.o [1]
  .text              ro code   0x800'3374     0x4  startup_stm32f407xx.o [1]
  .text              ro code   0x800'3378     0x4  startup_stm32f407xx.o [1]
  .text              ro code   0x800'337c     0x4  startup_stm32f407xx.o [1]
  .text              ro code   0x800'3380     0x4  startup_stm32f407xx.o [1]
  .text              ro code   0x800'3384     0x4  startup_stm32f407xx.o [1]
  .text              ro code   0x800'3388     0x4  startup_stm32f407xx.o [1]
  .text              ro code   0x800'338c     0x4  startup_stm32f407xx.o [1]
  .text              ro code   0x800'3390     0x4  startup_stm32f407xx.o [1]
  .text              ro code   0x800'3394     0x4  startup_stm32f407xx.o [1]
  .text              ro code   0x800'3398     0x4  startup_stm32f407xx.o [1]
  .text              ro code   0x800'339c     0x4  startup_stm32f407xx.o [1]
  .text              ro code   0x800'33a0     0x4  startup_stm32f407xx.o [1]
  .text              ro code   0x800'33a4     0x4  startup_stm32f407xx.o [1]
  .text              ro code   0x800'33a8     0x4  startup_stm32f407xx.o [1]
  .text              ro code   0x800'33ac     0x4  startup_stm32f407xx.o [1]
  .text              ro code   0x800'33b0     0x4  startup_stm32f407xx.o [1]
  .text              ro code   0x800'33b4     0x4  startup_stm32f407xx.o [1]
  .text              ro code   0x800'33b8     0x4  startup_stm32f407xx.o [1]
  .text              ro code   0x800'33bc     0x4  startup_stm32f407xx.o [1]
  .text              ro code   0x800'33c0     0x4  startup_stm32f407xx.o [1]
  .text              ro code   0x800'33c4     0x4  startup_stm32f407xx.o [1]
  .text              ro code   0x800'33c8     0x4  startup_stm32f407xx.o [1]
  .text              ro code   0x800'33cc     0x4  startup_stm32f407xx.o [1]
  .text              ro code   0x800'33d0     0x4  startup_stm32f407xx.o [1]
  .text              ro code   0x800'33d4     0x4  startup_stm32f407xx.o [1]
  .text              ro code   0x800'33d8     0x4  startup_stm32f407xx.o [1]
  .text              ro code   0x800'33dc     0x4  startup_stm32f407xx.o [1]
  .text              ro code   0x800'33e0     0x4  startup_stm32f407xx.o [1]
  .text              ro code   0x800'33e4     0x4  startup_stm32f407xx.o [1]
  .text              ro code   0x800'33e8     0x4  startup_stm32f407xx.o [1]
  .text              ro code   0x800'33ec     0x4  startup_stm32f407xx.o [1]
  .text              ro code   0x800'33f0     0x4  startup_stm32f407xx.o [1]
  .text              ro code   0x800'33f4     0x4  startup_stm32f407xx.o [1]
  .text              ro code   0x800'33f8     0x4  startup_stm32f407xx.o [1]
  .text              ro code   0x800'33fc     0x4  startup_stm32f407xx.o [1]
  .text              ro code   0x800'3400     0x4  startup_stm32f407xx.o [1]
  .text              ro code   0x800'3404     0x4  startup_stm32f407xx.o [1]
  .text              ro code   0x800'3408     0x4  startup_stm32f407xx.o [1]
  .text              ro code   0x800'340c     0x4  startup_stm32f407xx.o [1]
  .text              ro code   0x800'3410     0x4  startup_stm32f407xx.o [1]
  .text              ro code   0x800'3414     0x4  startup_stm32f407xx.o [1]
  .text              ro code   0x800'3418     0x4  startup_stm32f407xx.o [1]
  .text              ro code   0x800'341c     0x4  startup_stm32f407xx.o [1]
  .text              ro code   0x800'3420     0x4  startup_stm32f407xx.o [1]
  .text              ro code   0x800'3424     0x4  startup_stm32f407xx.o [1]
  .text              ro code   0x800'3428     0x4  startup_stm32f407xx.o [1]
  .text              ro code   0x800'342c     0x4  startup_stm32f407xx.o [1]
  .text              ro code   0x800'3430     0x4  startup_stm32f407xx.o [1]
  .text              ro code   0x800'3434     0x4  startup_stm32f407xx.o [1]
  .text              ro code   0x800'3438     0x4  startup_stm32f407xx.o [1]
  .text              ro code   0x800'343c     0x4  startup_stm32f407xx.o [1]
  .text              ro code   0x800'3440     0x4  startup_stm32f407xx.o [1]
  .text              ro code   0x800'3444     0x4  startup_stm32f407xx.o [1]
  .text              ro code   0x800'3448     0x4  startup_stm32f407xx.o [1]
  .text              ro code   0x800'344c     0x4  startup_stm32f407xx.o [1]
  .text              ro code   0x800'3450     0x4  startup_stm32f407xx.o [1]
  .text              ro code   0x800'3454     0x4  startup_stm32f407xx.o [1]
  .text              ro code   0x800'3458     0x4  startup_stm32f407xx.o [1]
  .text              ro code   0x800'345c     0x4  startup_stm32f407xx.o [1]
  .text              ro code   0x800'3460     0x4  startup_stm32f407xx.o [1]
  .text              ro code   0x800'3464     0x4  startup_stm32f407xx.o [1]
  .text              ro code   0x800'3468     0x4  startup_stm32f407xx.o [1]
  .text              ro code   0x800'346c     0x4  startup_stm32f407xx.o [1]
  .rodata            const     0x800'3470     0x0  zero_init3.o [4]
  .rodata            const     0x800'3470     0x0  copy_init3.o [4]
                             - 0x800'3470  0x32e8

"P2", part 1 of 3:                           0x10
  P2-1                        0x2000'0000    0x10  <Init block>
    .data            inited   0x2000'0000     0xc  stm32f4xx_hal.o [1]
    .data            inited   0x2000'000c     0x4  system_stm32f4xx.o [1]
                            - 0x2000'0010    0x10

"P2", part 2 of 3:                          0x8f8
  .bss               zero     0x2000'0010   0x3cc  usb_host.o [1]
  .bss               zero     0x2000'03dc   0x2c4  usbh_conf.o [1]
  .bss               zero     0x2000'06a0    0xe0  main.o [1]
  .bss               zero     0x2000'0780    0x60  main.o [1]
  .bss               zero     0x2000'07e0    0x60  main.o [1]
  .bss               zero     0x2000'0840    0x60  main.o [1]
  .bss               zero     0x2000'08a0    0x60  main.o [1]
  .bss               zero     0x2000'0900     0x4  DMA.o [1]
  .bss               zero     0x2000'0904     0x4  stm32f4xx_ll_usb.o [1]
                            - 0x2000'0908   0x8f8

"P2", part 3 of 3:                          0x400
  CSTACK                      0x2000'0908   0x400  <Block>
    CSTACK           uninit   0x2000'0908   0x400  <Block tail>
                            - 0x2000'0d08   0x400

Unused ranges:

         From           To      Size
         ----           --      ----
   0x800'3470   0x80f'ffff  0xf'cb90
  0x2000'0d08  0x2001'ffff  0x1'f2f8


*******************************************************************************
*** INIT TABLE
***

          Address      Size
          -------      ----
Zero (__iar_zero_init3)
    1 destination range, total size 0x8f8:
          0x2000'0010  0x8f8

Copy (__iar_copy_init3)
    1 source range, total size 0x10:
           0x800'3324   0x10
    1 destination range, total size 0x10:
          0x2000'0000   0x10



*******************************************************************************
*** MODULE SUMMARY
***

    Module                  ro code  ro data  rw data
    ------                  -------  -------  -------
command line/config:
    -------------------------------------------------
    Total:

C:\Users\David R Joslin\Desktop\ee_475\capstone-quadcopter\RxTx_ExternalController\STM_ExternalController\EWARM\STM_ExternalController\Obj: [1]
    DMA.o                       100                 4
    USART.o                      56
    actuateMCU.o                132
    main.o                      850               608
    startup_stm32f407xx.o       704
    stm32f4xx_hal.o             132       12       12
    stm32f4xx_hal_cortex.o      168
    stm32f4xx_hal_dma.o         736
    stm32f4xx_hal_gpio.o        484
    stm32f4xx_hal_hcd.o       1'756
    stm32f4xx_hal_i2s.o         638
    stm32f4xx_hal_i2s_ex.o      582
    stm32f4xx_hal_msp.o         548
    stm32f4xx_hal_rcc.o       1'212
    stm32f4xx_hal_rcc_ex.o      372
    stm32f4xx_hal_spi.o         130
    stm32f4xx_hal_uart.o        348
    stm32f4xx_it.o               56
    stm32f4xx_ll_usb.o        1'188                 4
    system_stm32f4xx.o           44       12        4
    testLibrary.o               126
    usb_host.o                   12               972
    usbh_conf.o                 216               708
    usbh_core.o                 798
    usbh_ctlreq.o             1'012
    usbh_ioreq.o                112
    usbh_pipes.o                106
    -------------------------------------------------
    Total:                   12'618       24    2'312

dl7M_tlf.a: [2]
    exit.o                        4
    low_level_init.o              4
    -------------------------------------------------
    Total:                        8

m7M_tls.a: [3]
    fpinit_M.o                   34
    -------------------------------------------------
    Total:                       34

rt7M_tl.a: [4]
    ABImemclr4.o                  6
    ABImemcpy_small.o            24
    ABImemset.o                 102
    ABImemset48.o                50
    I64DivMod_small.o           262
    I64DivZer.o                   2
    cexit.o                      10
    cmain.o                      30
    copy_init3.o                 46
    cstartup_M.o                 12
    data_init.o                  40
    memset.o                     20
    zero_init3.o                 58
    -------------------------------------------------
    Total:                      662

shb_l.a: [5]
    exit.o                       20
    -------------------------------------------------
    Total:                       20

    Gaps                         20        2
    Linker created                        36    1'024
-----------------------------------------------------
    Grand Total:             13'362       62    3'336


*******************************************************************************
*** ENTRY LIST
***

Entry                       Address   Size  Type      Object
-----                       -------   ----  ----      ------
.iar.init_table$$Base    0x800'32a8          --   Gb  - Linker created -
.iar.init_table$$Limit   0x800'32cc          --   Gb  - Linker created -
?main                    0x800'32cd         Code  Gb  cmain.o [4]
AHBPrescTable            0x800'324c   0x10  Data  Gb  system_stm32f4xx.o [1]
APBPrescTable            0x800'3340    0x8  Data  Gb  system_stm32f4xx.o [1]
BusFault_Handler         0x800'31ef    0x2  Code  Gb  stm32f4xx_it.o [1]
CSTACK$$Base            0x2000'0908          --   Gb  - Linker created -
CSTACK$$Limit           0x2000'0d08          --   Gb  - Linker created -
DMA2_STREAM1_IT_HANDLER
                         0x800'31ab   0x1a  Code  Gb  DMA.o [1]
DMA2_STREAM6_IT_HANDLER
                         0x800'31c5    0xc  Code  Gb  DMA.o [1]
DMA2_Stream0_IRQHandler
                         0x800'31ff    0x6  Code  Gb  stm32f4xx_it.o [1]
DMA2_Stream1_IRQHandler
                         0x800'3205    0x4  Code  Gb  stm32f4xx_it.o [1]
DMA2_Stream3_IRQHandler
                         0x800'3209    0x2  Code  Gb  stm32f4xx_it.o [1]
DMA2_Stream6_IRQHandler
                         0x800'3219    0x4  Code  Gb  stm32f4xx_it.o [1]
DMA_CalcBaseAndBitshift
                         0x800'2db5   0x26  Code  Lc  stm32f4xx_hal_dma.o [1]
DMA_CalcBaseAndBitshift::flagBitshiftOffset
                         0x800'2ddc    0x8  Data  Lc  stm32f4xx_hal_dma.o [1]
DMA_TX_USART6            0x800'3185   0x26  Code  Gb  DMA.o [1]
DeInitStateMachine       0x800'0e09   0x42  Code  Lc  usbh_core.o [1]
DebugMon_Handler         0x800'31f5    0x2  Code  Gb  stm32f4xx_it.o [1]
Error_Handler            0x800'19f1    0x2  Code  Gb  main.o [1]
HAL_DMA_IRQHandler       0x800'2bf3  0x188  Code  Gb  stm32f4xx_hal_dma.o [1]
HAL_DMA_Init             0x800'2b05   0xee  Code  Gb  stm32f4xx_hal_dma.o [1]
HAL_Delay                0x800'0de1   0x28  Code  Wk  stm32f4xx_hal.o [1]
HAL_GPIO_Init            0x800'1a09  0x1ae  Code  Gb  stm32f4xx_hal_gpio.o [1]
HAL_GPIO_WritePin        0x800'1bb7    0x8  Code  Gb  stm32f4xx_hal_gpio.o [1]
HAL_GetTick              0x800'1161    0xc  Code  Wk  stm32f4xx_hal.o [1]
HAL_HCD_Connect_Callback
                         0x800'0d11    0x8  Code  Gb  usbh_conf.o [1]
HAL_HCD_Disconnect_Callback
                         0x800'0d19    0x8  Code  Gb  usbh_conf.o [1]
HAL_HCD_GetCurrentSpeed
                         0x800'085f    0x6  Code  Gb  stm32f4xx_hal_hcd.o [1]
HAL_HCD_HC_GetURBState   0x800'0853    0xc  Code  Gb  stm32f4xx_hal_hcd.o [1]
HAL_HCD_HC_Init          0x800'0189   0x68  Code  Gb  stm32f4xx_hal_hcd.o [1]
HAL_HCD_HC_NotifyURBChange_Callback
                         0x800'0d21    0x2  Code  Gb  usbh_conf.o [1]
HAL_HCD_HC_SubmitRequest
                         0x800'01f1   0x8a  Code  Gb  stm32f4xx_hal_hcd.o [1]
HAL_HCD_IRQHandler       0x800'027b  0x534  Code  Gb  stm32f4xx_hal_hcd.o [1]
HAL_HCD_PortDisabled_Callback
                         0x800'0d2b    0x8  Code  Gb  usbh_conf.o [1]
HAL_HCD_PortEnabled_Callback
                         0x800'0d23    0x8  Code  Gb  usbh_conf.o [1]
HAL_HCD_ResetPort        0x800'084d    0x6  Code  Gb  stm32f4xx_hal_hcd.o [1]
HAL_HCD_SOF_Callback     0x800'0d09    0x8  Code  Gb  usbh_conf.o [1]
HAL_HCD_Start            0x800'07ff   0x1c  Code  Gb  stm32f4xx_hal_hcd.o [1]
HAL_HCD_Stop             0x800'0837   0x16  Code  Gb  stm32f4xx_hal_hcd.o [1]
HAL_I2SEx_FullDuplex_IRQHandler
                         0x800'2de9  0x1f8  Code  Gb  stm32f4xx_hal_i2s_ex.o [1]
HAL_I2S_ErrorCallback    0x800'29b7    0x2  Code  Wk  stm32f4xx_hal_i2s.o [1]
HAL_I2S_Init             0x800'1c95  0x15a  Code  Gb  stm32f4xx_hal_i2s.o [1]
HAL_I2S_MspInit          0x800'2791   0x6a  Code  Gb  stm32f4xx_hal_msp.o [1]
HAL_IncTick              0x800'3221   0x10  Code  Wk  stm32f4xx_hal.o [1]
HAL_InitTick             0x800'2ac5   0x40  Code  Wk  stm32f4xx_hal.o [1]
HAL_NVIC_EnableIRQ       0x800'1c41   0x16  Code  Gb  stm32f4xx_hal_cortex.o [1]
HAL_NVIC_SetPriority     0x800'1c07   0x3a  Code  Gb  stm32f4xx_hal_cortex.o [1]
HAL_RCCEx_GetPeriphCLKFreq
                         0x800'26bd   0x3a  Code  Gb  stm32f4xx_hal_rcc_ex.o [1]
HAL_RCCEx_PeriphCLKConfig
                         0x800'25b5  0x108  Code  Gb  stm32f4xx_hal_rcc_ex.o [1]
HAL_RCC_ClockConfig      0x800'2409  0x100  Code  Gb  stm32f4xx_hal_rcc.o [1]
HAL_RCC_GetPCLK1Freq     0x800'2515   0x10  Code  Gb  stm32f4xx_hal_rcc.o [1]
HAL_RCC_GetPCLK2Freq     0x800'2525    0xe  Code  Gb  stm32f4xx_hal_rcc.o [1]
HAL_RCC_OscConfig        0x800'20f9  0x310  Code  Wk  stm32f4xx_hal_rcc.o [1]
HAL_SPI_Init             0x800'1f0d   0x76  Code  Gb  stm32f4xx_hal_spi.o [1]
HAL_SPI_MspInit          0x800'2803   0x96  Code  Gb  stm32f4xx_hal_msp.o [1]
HAL_SYSTICK_Config       0x800'1c57   0x28  Code  Gb  stm32f4xx_hal_cortex.o [1]
HAL_UART_Init            0x800'1f91   0x1e  Code  Gb  stm32f4xx_hal_uart.o [1]
HAL_UART_MspInit         0x800'28bb   0x90  Code  Gb  stm32f4xx_hal_msp.o [1]
HardFault_Handler        0x800'31eb    0x2  Code  Gb  stm32f4xx_it.o [1]
I2S_IRQHandler           0x800'1e05   0xf6  Code  Lc  stm32f4xx_hal_i2s.o [1]
MX_USB_HOST_Process      0x800'20ed    0x6  Code  Gb  usb_host.o [1]
MemManage_Handler        0x800'31ed    0x2  Code  Gb  stm32f4xx_it.o [1]
NMI_Handler              0x800'31e9    0x2  Code  Gb  stm32f4xx_it.o [1]
OTG_FS_IRQHandler        0x800'320b    0x6  Code  Gb  stm32f4xx_it.o [1]
PendSV_Handler           0x800'31f7    0x2  Code  Gb  stm32f4xx_it.o [1]
RX_BUFFER               0x2000'0900    0x4  Data  Gb  DMA.o [1]
Region$$Table$$Base      0x800'32a8          --   Gb  - Linker created -
Region$$Table$$Limit     0x800'32cc          --   Gb  - Linker created -
SPI1_IRQHandler          0x800'31fd    0x2  Code  Gb  stm32f4xx_it.o [1]
STM_Config               0x800'16a1  0x256  Code  Gb  main.o [1]
SVC_Handler              0x800'31f3    0x2  Code  Gb  stm32f4xx_it.o [1]
SysTick_Handler          0x800'31f9    0x4  Code  Gb  stm32f4xx_it.o [1]
SystemClock_Config       0x800'1907   0xb4  Code  Gb  main.o [1]
SystemCoreClock         0x2000'000c    0x4  Data  Gb  system_stm32f4xx.o [1]
SystemInit               0x800'3231   0x14  Code  Gb  system_stm32f4xx.o [1]
UART_SetConfig           0x800'2007   0xca  Code  Lc  stm32f4xx_hal_uart.o [1]
USART6_IRQHandler        0x800'321d    0x4  Code  Gb  stm32f4xx_it.o [1]
USART6_IT_HANDLER        0x800'30ef    0xa  Code  Gb  USART.o [1]
USBH_AllocPipe           0x800'118f   0x36  Code  Gb  usbh_pipes.o [1]
USBH_CtlReceiveData      0x800'1625    0xa  Code  Gb  usbh_ioreq.o [1]
USBH_CtlReq              0x800'1431  0x198  Code  Gb  usbh_ctlreq.o [1]
USBH_CtlSendData         0x800'1619    0xc  Code  Gb  usbh_ioreq.o [1]
USBH_CtlSendSetup        0x800'1603   0x16  Code  Gb  usbh_ioreq.o [1]
USBH_Delay               0x800'0dcb    0x4  Code  Gb  usbh_conf.o [1]
USBH_FreePipe            0x800'11c5   0x18  Code  Gb  usbh_pipes.o [1]
USBH_GetDescriptor       0x800'13a5   0x36  Code  Gb  usbh_ctlreq.o [1]
USBH_GetNextDesc         0x800'1421    0xe  Code  Gb  usbh_ctlreq.o [1]
USBH_Get_CfgDesc         0x800'1253  0x106  Code  Gb  usbh_ctlreq.o [1]
USBH_Get_DevDesc         0x800'11dd   0x76  Code  Gb  usbh_ctlreq.o [1]
USBH_Get_StringDesc      0x800'1359   0x4c  Code  Gb  usbh_ctlreq.o [1]
USBH_Get_USB_Status      0x800'0dcf   0x12  Code  Gb  usbh_conf.o [1]
USBH_LL_Connect          0x800'10c5   0x28  Code  Gb  usbh_core.o [1]
USBH_LL_Disconnect       0x800'10ed   0x32  Code  Gb  usbh_core.o [1]
USBH_LL_GetSpeed         0x800'0d4f   0x1c  Code  Gb  usbh_conf.o [1]
USBH_LL_GetURBState      0x800'0dc3    0x8  Code  Gb  usbh_conf.o [1]
USBH_LL_IncTimer         0x800'109d   0x1c  Code  Gb  usbh_core.o [1]
USBH_LL_OpenPipe         0x800'0d77   0x22  Code  Gb  usbh_conf.o [1]
USBH_LL_PortDisabled     0x800'10bd    0x2  Code  Gb  usbh_core.o [1]
USBH_LL_PortEnabled      0x800'10b9    0x4  Code  Gb  usbh_core.o [1]
USBH_LL_ResetPort        0x800'0d6b    0xc  Code  Gb  usbh_conf.o [1]
USBH_LL_Start            0x800'0d33    0xa  Code  Gb  usbh_conf.o [1]
USBH_LL_Stop             0x800'0d43    0xc  Code  Gb  usbh_conf.o [1]
USBH_LL_SubmitURB        0x800'0d99   0x2a  Code  Gb  usbh_conf.o [1]
USBH_OpenPipe            0x800'1173   0x1c  Code  Gb  usbh_pipes.o [1]
USBH_Process             0x800'0e4d  0x248  Code  Gb  usbh_core.o [1]
USBH_SetAddress          0x800'13db   0x16  Code  Gb  usbh_ctlreq.o [1]
USBH_SetCfg              0x800'13f1   0x14  Code  Gb  usbh_ctlreq.o [1]
USBH_SetFeature          0x800'140b   0x16  Code  Gb  usbh_ctlreq.o [1]
USB_DoPing               0x800'0c5f   0x18  Code  Gb  stm32f4xx_ll_usb.o [1]
USB_DriveVbus            0x800'096b   0x40  Code  Gb  stm32f4xx_ll_usb.o [1]
USB_EnableGlobalInt      0x800'0865    0x8  Code  Gb  stm32f4xx_ll_usb.o [1]
USB_FlushRxFifo          0x800'0891   0x1a  Code  Gb  stm32f4xx_ll_usb.o [1]
USB_FlushTxFifo          0x800'0873   0x1e  Code  Gb  stm32f4xx_ll_usb.o [1]
USB_GetHostSpeed         0x800'09ab   0x18  Code  Gb  stm32f4xx_ll_usb.o [1]
USB_GetMode              0x800'08fd    0x8  Code  Gb  stm32f4xx_ll_usb.o [1]
USB_HC_Halt              0x800'0bd7   0x6e  Code  Gb  stm32f4xx_ll_usb.o [1]
USB_HC_Init              0x800'09c5   0xd6  Code  Gb  stm32f4xx_ll_usb.o [1]
USB_HC_ReadInterrupt     0x800'0bcd    0xa  Code  Gb  stm32f4xx_ll_usb.o [1]
USB_HC_StartXfer         0x800'0a9d  0x130  Code  Gb  stm32f4xx_ll_usb.o [1]
USB_HC_StartXfer::tmpreg
                        0x2000'0904    0x4  Data  Lc  stm32f4xx_ll_usb.o [1]
USB_InitFSLSPClkSel      0x800'0905   0x30  Code  Gb  stm32f4xx_ll_usb.o [1]
USB_ReadInterrupts       0x800'08f3    0xa  Code  Gb  stm32f4xx_ll_usb.o [1]
USB_ReadPacket           0x800'08cf   0x1e  Code  Gb  stm32f4xx_ll_usb.o [1]
USB_ResetPort            0x800'0935   0x36  Code  Gb  stm32f4xx_ll_usb.o [1]
USB_StopHost             0x800'0c89   0x74  Code  Gb  stm32f4xx_ll_usb.o [1]
USB_WritePacket          0x800'08ab   0x24  Code  Gb  stm32f4xx_ll_usb.o [1]
UsageFault_Handler       0x800'31f1    0x2  Code  Gb  stm32f4xx_it.o [1]
__NVIC_SetPriority       0x800'1bed   0x1a  Code  Lc  stm32f4xx_hal_cortex.o [1]
__aeabi_ldiv0            0x800'2de5         Code  Gb  I64DivZer.o [4]
__aeabi_memclr4          0x800'116d         Code  Gb  ABImemclr4.o [4]
__aeabi_memset           0x800'2729         Code  Gb  ABImemset.o [4]
__cmain                  0x800'32cd         Code  Gb  cmain.o [4]
__exit                   0x800'3301   0x14  Code  Gb  exit.o [5]
__iar_Memset             0x800'2729         Code  Gb  ABImemset.o [4]
__iar_Memset4_word       0x800'15d1         Code  Gb  ABImemset48.o [4]
__iar_Memset8_word       0x800'15d1         Code  Gb  ABImemset48.o [4]
__iar_Memset_word        0x800'2731         Code  Gb  ABImemset.o [4]
__iar_copy_init3         0x800'1673   0x2e  Code  Gb  copy_init3.o [4]
__iar_data_init3         0x800'325d   0x28  Code  Gb  data_init.o [4]
__iar_init_vfp           0x800'3285         Code  Gb  fpinit_M.o [3]
__iar_program_start      0x800'3335         Code  Gb  cstartup_M.o [4]
__iar_small_Memcpy       0x800'30b9         Code  Gb  ABImemcpy_small.o [4]
__iar_small_memcpy       0x800'30b5         Code  Gb  ABImemcpy_small.o [4]
__iar_small_memcpy4      0x800'30b5         Code  Gb  ABImemcpy_small.o [4]
__iar_small_memcpy8      0x800'30b5         Code  Gb  ABImemcpy_small.o [4]
__iar_small_uldivmod     0x800'29bd         Code  Gb  I64DivMod_small.o [4]
__iar_zero_init3         0x800'1127   0x3a  Code  Gb  zero_init3.o [4]
__low_level_init         0x800'32eb    0x4  Code  Gb  low_level_init.o [2]
__vector_table           0x800'0000         Data  Gb  startup_stm32f407xx.o [1]
_call_main               0x800'32d9         Code  Gb  cmain.o [4]
_exit                    0x800'32f5         Code  Gb  cexit.o [4]
_main                    0x800'32e7         Code  Gb  cmain.o [4]
exit                     0x800'32ef    0x4  Code  Gb  exit.o [2]
hUsbHostFS              0x2000'0010  0x3cc  Data  Gb  usb_host.o [1]
hdma_spi1_rx            0x2000'07e0   0x60  Data  Gb  main.o [1]
hdma_spi1_tx            0x2000'0780   0x60  Data  Gb  main.o [1]
hdma_usart6_rx          0x2000'08a0   0x60  Data  Gb  main.o [1]
hdma_usart6_tx          0x2000'0840   0x60  Data  Gb  main.o [1]
hhcd_USB_OTG_FS         0x2000'03dc  0x2c4  Data  Gb  usbh_conf.o [1]
hi2s3                   0x2000'06f8   0x48  Data  Gb  main.o [1]
hspi1                   0x2000'06a0   0x58  Data  Gb  main.o [1]
huart6                  0x2000'0740   0x40  Data  Gb  main.o [1]
main                     0x800'3031   0x3e  Code  Gb  actuateMCU.o [1]
memset                   0x800'19f3   0x14  Code  Gb  memset.o [4]
turnOffGPIO_LEDs         0x800'3141   0x2e  Code  Gb  testLibrary.o [1]
turnOnGPIO_LEDs          0x800'3111   0x30  Code  Gb  testLibrary.o [1]
txBufferUSART6           0x800'30cd   0x22  Code  Gb  USART.o [1]
uwTick                  0x2000'0004    0x4  Data  Gb  stm32f4xx_hal.o [1]
uwTickFreq              0x2000'0000    0x1  Data  Gb  stm32f4xx_hal.o [1]
uwTickPrio              0x2000'0008    0x4  Data  Gb  stm32f4xx_hal.o [1]
wait                     0x800'3105    0xc  Code  Gb  testLibrary.o [1]


[1] = C:\Users\David R Joslin\Desktop\ee_475\capstone-quadcopter\RxTx_ExternalController\STM_ExternalController\EWARM\STM_ExternalController\Obj
[2] = dl7M_tlf.a
[3] = m7M_tls.a
[4] = rt7M_tl.a
[5] = shb_l.a

  13'362 bytes of readonly  code memory
      62 bytes of readonly  data memory
   3'336 bytes of readwrite data memory

Errors: none
Warnings: none
