###############################################################################
#
# IAR ELF Linker V8.42.1.236/W32 for ARM                  30/Jan/2020  21:44:00
# Copyright 2007-2019 IAR Systems AB.
#
#    Output file  =
#        C:\Users\David R
#        Joslin\Desktop\ee_475\capstone-quadcopter\RxTx_ExternalController\STM_ExternalController\EWARM\STM_ExternalController\Exe\STM_ExternalController.out
#    Map file     =
#        C:\Users\David R
#        Joslin\Desktop\ee_475\capstone-quadcopter\RxTx_ExternalController\STM_ExternalController\EWARM\STM_ExternalController\List\STM_ExternalController.map
#    Command line =
#        -f C:\Users\DAVIDR~1\AppData\Local\Temp\EW424F.tmp ("C:\Users\David R
#        Joslin\Desktop\ee_475\capstone-quadcopter\RxTx_ExternalController\STM_ExternalController\EWARM\STM_ExternalController\Obj\actuateMCU.o"
#        "C:\Users\David R
#        Joslin\Desktop\ee_475\capstone-quadcopter\RxTx_ExternalController\STM_ExternalController\EWARM\STM_ExternalController\Obj\DMA.o"
#        "C:\Users\David R
#        Joslin\Desktop\ee_475\capstone-quadcopter\RxTx_ExternalController\STM_ExternalController\EWARM\STM_ExternalController\Obj\main.o"
#        "C:\Users\David R
#        Joslin\Desktop\ee_475\capstone-quadcopter\RxTx_ExternalController\STM_ExternalController\EWARM\STM_ExternalController\Obj\startup_stm32f407xx.o"
#        "C:\Users\David R
#        Joslin\Desktop\ee_475\capstone-quadcopter\RxTx_ExternalController\STM_ExternalController\EWARM\STM_ExternalController\Obj\stm32f4xx_hal.o"
#        "C:\Users\David R
#        Joslin\Desktop\ee_475\capstone-quadcopter\RxTx_ExternalController\STM_ExternalController\EWARM\STM_ExternalController\Obj\stm32f4xx_hal_cortex.o"
#        "C:\Users\David R
#        Joslin\Desktop\ee_475\capstone-quadcopter\RxTx_ExternalController\STM_ExternalController\EWARM\STM_ExternalController\Obj\stm32f4xx_hal_dma.o"
#        "C:\Users\David R
#        Joslin\Desktop\ee_475\capstone-quadcopter\RxTx_ExternalController\STM_ExternalController\EWARM\STM_ExternalController\Obj\stm32f4xx_hal_dma_ex.o"
#        "C:\Users\David R
#        Joslin\Desktop\ee_475\capstone-quadcopter\RxTx_ExternalController\STM_ExternalController\EWARM\STM_ExternalController\Obj\stm32f4xx_hal_exti.o"
#        "C:\Users\David R
#        Joslin\Desktop\ee_475\capstone-quadcopter\RxTx_ExternalController\STM_ExternalController\EWARM\STM_ExternalController\Obj\stm32f4xx_hal_flash.o"
#        "C:\Users\David R
#        Joslin\Desktop\ee_475\capstone-quadcopter\RxTx_ExternalController\STM_ExternalController\EWARM\STM_ExternalController\Obj\stm32f4xx_hal_flash_ex.o"
#        "C:\Users\David R
#        Joslin\Desktop\ee_475\capstone-quadcopter\RxTx_ExternalController\STM_ExternalController\EWARM\STM_ExternalController\Obj\stm32f4xx_hal_flash_ramfunc.o"
#        "C:\Users\David R
#        Joslin\Desktop\ee_475\capstone-quadcopter\RxTx_ExternalController\STM_ExternalController\EWARM\STM_ExternalController\Obj\stm32f4xx_hal_gpio.o"
#        "C:\Users\David R
#        Joslin\Desktop\ee_475\capstone-quadcopter\RxTx_ExternalController\STM_ExternalController\EWARM\STM_ExternalController\Obj\stm32f4xx_hal_hcd.o"
#        "C:\Users\David R
#        Joslin\Desktop\ee_475\capstone-quadcopter\RxTx_ExternalController\STM_ExternalController\EWARM\STM_ExternalController\Obj\stm32f4xx_hal_msp.o"
#        "C:\Users\David R
#        Joslin\Desktop\ee_475\capstone-quadcopter\RxTx_ExternalController\STM_ExternalController\EWARM\STM_ExternalController\Obj\stm32f4xx_hal_pwr.o"
#        "C:\Users\David R
#        Joslin\Desktop\ee_475\capstone-quadcopter\RxTx_ExternalController\STM_ExternalController\EWARM\STM_ExternalController\Obj\stm32f4xx_hal_pwr_ex.o"
#        "C:\Users\David R
#        Joslin\Desktop\ee_475\capstone-quadcopter\RxTx_ExternalController\STM_ExternalController\EWARM\STM_ExternalController\Obj\stm32f4xx_hal_rcc.o"
#        "C:\Users\David R
#        Joslin\Desktop\ee_475\capstone-quadcopter\RxTx_ExternalController\STM_ExternalController\EWARM\STM_ExternalController\Obj\stm32f4xx_hal_rcc_ex.o"
#        "C:\Users\David R
#        Joslin\Desktop\ee_475\capstone-quadcopter\RxTx_ExternalController\STM_ExternalController\EWARM\STM_ExternalController\Obj\stm32f4xx_hal_spi.o"
#        "C:\Users\David R
#        Joslin\Desktop\ee_475\capstone-quadcopter\RxTx_ExternalController\STM_ExternalController\EWARM\STM_ExternalController\Obj\stm32f4xx_hal_tim.o"
#        "C:\Users\David R
#        Joslin\Desktop\ee_475\capstone-quadcopter\RxTx_ExternalController\STM_ExternalController\EWARM\STM_ExternalController\Obj\stm32f4xx_hal_tim_ex.o"
#        "C:\Users\David R
#        Joslin\Desktop\ee_475\capstone-quadcopter\RxTx_ExternalController\STM_ExternalController\EWARM\STM_ExternalController\Obj\stm32f4xx_hal_uart.o"
#        "C:\Users\David R
#        Joslin\Desktop\ee_475\capstone-quadcopter\RxTx_ExternalController\STM_ExternalController\EWARM\STM_ExternalController\Obj\stm32f4xx_it.o"
#        "C:\Users\David R
#        Joslin\Desktop\ee_475\capstone-quadcopter\RxTx_ExternalController\STM_ExternalController\EWARM\STM_ExternalController\Obj\stm32f4xx_ll_usb.o"
#        "C:\Users\David R
#        Joslin\Desktop\ee_475\capstone-quadcopter\RxTx_ExternalController\STM_ExternalController\EWARM\STM_ExternalController\Obj\system_stm32f4xx.o"
#        "C:\Users\David R
#        Joslin\Desktop\ee_475\capstone-quadcopter\RxTx_ExternalController\STM_ExternalController\EWARM\STM_ExternalController\Obj\testLibrary.o"
#        "C:\Users\David R
#        Joslin\Desktop\ee_475\capstone-quadcopter\RxTx_ExternalController\STM_ExternalController\EWARM\STM_ExternalController\Obj\USART.o"
#        "C:\Users\David R
#        Joslin\Desktop\ee_475\capstone-quadcopter\RxTx_ExternalController\STM_ExternalController\EWARM\STM_ExternalController\Obj\usb_host.o"
#        "C:\Users\David R
#        Joslin\Desktop\ee_475\capstone-quadcopter\RxTx_ExternalController\STM_ExternalController\EWARM\STM_ExternalController\Obj\usbh_cdc.o"
#        "C:\Users\David R
#        Joslin\Desktop\ee_475\capstone-quadcopter\RxTx_ExternalController\STM_ExternalController\EWARM\STM_ExternalController\Obj\usbh_conf.o"
#        "C:\Users\David R
#        Joslin\Desktop\ee_475\capstone-quadcopter\RxTx_ExternalController\STM_ExternalController\EWARM\STM_ExternalController\Obj\usbh_core.o"
#        "C:\Users\David R
#        Joslin\Desktop\ee_475\capstone-quadcopter\RxTx_ExternalController\STM_ExternalController\EWARM\STM_ExternalController\Obj\usbh_ctlreq.o"
#        "C:\Users\David R
#        Joslin\Desktop\ee_475\capstone-quadcopter\RxTx_ExternalController\STM_ExternalController\EWARM\STM_ExternalController\Obj\usbh_ioreq.o"
#        "C:\Users\David R
#        Joslin\Desktop\ee_475\capstone-quadcopter\RxTx_ExternalController\STM_ExternalController\EWARM\STM_ExternalController\Obj\usbh_pipes.o"
#        "C:\Users\David R
#        Joslin\Desktop\ee_475\capstone-quadcopter\RxTx_ExternalController\STM_ExternalController\EWARM\STM_ExternalController\Obj\usbh_platform.o"
#        --redirect _Printf=_PrintfFull --redirect _Scanf=_ScanfFull
#        --no_out_extension -o "C:\Users\David R
#        Joslin\Desktop\ee_475\capstone-quadcopter\RxTx_ExternalController\STM_ExternalController\EWARM\STM_ExternalController\Exe\STM_ExternalController.out"
#        --map "C:\Users\David R
#        Joslin\Desktop\ee_475\capstone-quadcopter\RxTx_ExternalController\STM_ExternalController\EWARM\STM_ExternalController\List\STM_ExternalController.map"
#        --config "C:\Users\David R
#        Joslin\Desktop\ee_475\capstone-quadcopter\RxTx_ExternalController\STM_ExternalController\EWARM/stm32f407xx_flash.icf"
#        --semihosting --entry __iar_program_start --vfe --text_out locale)
#
###############################################################################

*******************************************************************************
*** RUNTIME MODEL ATTRIBUTES
***

CppFlavor       = *
__Heap_Handler  = Basic
__SystemLibrary = DLib
__dlib_version  = 6


*******************************************************************************
*** HEAP SELECTION
***

The basic heap was selected because some modules are built with
size limitations (and not runtime checking), and --advanced_heap
was not specified.


*******************************************************************************
*** PLACEMENT SUMMARY
***

"A0":  place at address 0x800'0000 { ro section .intvec };
"P1":  place in [from 0x800'0000 to 0x80f'ffff] { ro };
define block CSTACK with size = 1K, alignment = 8 { };
define block HEAP with size = 512, alignment = 8 { };
"P2":  place in [from 0x2000'0000 to 0x2001'ffff] {
          rw, block CSTACK, block HEAP };
initialize by copy { rw };

  Section            Kind         Address    Size  Object
  -------            ----         -------    ----  ------
"A0":                                       0x188
  .intvec            ro code   0x800'0000   0x188  startup_stm32f407xx.o [1]
                             - 0x800'0188   0x188

"P1":                                      0x2a34
  .text              ro code   0x800'0188   0x6dc  stm32f4xx_hal_hcd.o [1]
  .text              ro code   0x800'0864   0x4a4  stm32f4xx_ll_usb.o [1]
  .text              ro code   0x800'0d08    0xd8  usbh_conf.o [1]
  .text              ro code   0x800'0de0    0x28  stm32f4xx_hal.o [1]
  .text              ro code   0x800'0e08   0x31e  usbh_core.o [1]
  .text              ro code   0x800'1126    0x3a  zero_init3.o [4]
  .text              ro code   0x800'1160     0xc  stm32f4xx_hal.o [1]
  .text              ro code   0x800'116c     0x6  ABImemclr4.o [4]
  .text              ro code   0x800'1172    0x6a  usbh_pipes.o [1]
  .text              ro code   0x800'11dc   0x3f4  usbh_ctlreq.o [1]
  .text              ro code   0x800'15d0    0x32  ABImemset48.o [4]
  .text              ro code   0x800'1602    0x70  usbh_ioreq.o [1]
  .text              ro code   0x800'1672    0x2e  copy_init3.o [4]
  .text              ro code   0x800'16a0   0x32e  main.o [1]
  .text              ro code   0x800'19ce    0x14  memset.o [4]
  .text              ro code   0x800'19e4   0x1e4  stm32f4xx_hal_gpio.o [1]
  .text              ro code   0x800'1bc8    0xa8  stm32f4xx_hal_cortex.o [1]
  .text              ro code   0x800'1c70    0x82  stm32f4xx_hal_spi.o [1]
  .text              ro code   0x800'1cf4   0x15c  stm32f4xx_hal_uart.o [1]
  .text              ro code   0x800'1e50     0xc  usb_host.o [1]
  .text              ro code   0x800'1e5c   0x310  stm32f4xx_hal_rcc.o [1]
  .text              ro code   0x800'216c   0x1ac  stm32f4xx_hal_rcc.o [1]
  .text              ro code   0x800'2318    0x66  ABImemset.o [4]
  .text              ro code   0x800'2380   0x1ec  stm32f4xx_hal_msp.o [1]
  .text              ro code   0x800'256c   0x106  I64DivMod_small.o [4]
  .text              ro code   0x800'2674    0x40  stm32f4xx_hal.o [1]
  .text              ro code   0x800'26b4   0x124  stm32f4xx_hal_dma.o [1]
  .text              ro code   0x800'27d8     0x2  I64DivZer.o [4]
  .text              ro code   0x800'27dc    0xac  DMA.o [1]
  .text              ro code   0x800'2888    0x8c  USART.o [1]
  .text              ro code   0x800'2914    0x30  stm32f4xx_it.o [1]
  .text              ro code   0x800'2944    0x10  stm32f4xx_hal.o [1]
  .text              ro code   0x800'2954    0x2c  system_stm32f4xx.o [1]
  .text              ro code   0x800'2980    0x28  actuateMCU.o [1]
  .text              ro code   0x800'29a8    0x28  data_init.o [4]
  .text              ro code   0x800'29d0    0x22  fpinit_M.o [3]
  .iar.init_table    const     0x800'29f4    0x24  - Linker created -
  .text              ro code   0x800'2a18    0x1e  cmain.o [4]
  .text              ro code   0x800'2a36     0x4  low_level_init.o [2]
  .text              ro code   0x800'2a3a     0x4  exit.o [2]
  .text              ro code   0x800'2a40     0xa  cexit.o [4]
  .text              ro code   0x800'2a4c    0x14  exit.o [5]
  .text              ro code   0x800'2a60    0x10  startup_stm32f407xx.o [1]
  Initializer bytes  const     0x800'2a70    0x10  <for P2-1>
  .text              ro code   0x800'2a80     0xc  cstartup_M.o [4]
  .rodata            const     0x800'2a8c     0x8  system_stm32f4xx.o [1]
  .text              ro code   0x800'2a94     0x4  startup_stm32f407xx.o [1]
  .text              ro code   0x800'2a98     0x4  startup_stm32f407xx.o [1]
  .text              ro code   0x800'2a9c     0x4  startup_stm32f407xx.o [1]
  .text              ro code   0x800'2aa0     0x4  startup_stm32f407xx.o [1]
  .text              ro code   0x800'2aa4     0x4  startup_stm32f407xx.o [1]
  .text              ro code   0x800'2aa8     0x4  startup_stm32f407xx.o [1]
  .text              ro code   0x800'2aac     0x4  startup_stm32f407xx.o [1]
  .text              ro code   0x800'2ab0     0x4  startup_stm32f407xx.o [1]
  .text              ro code   0x800'2ab4     0x4  startup_stm32f407xx.o [1]
  .text              ro code   0x800'2ab8     0x4  startup_stm32f407xx.o [1]
  .text              ro code   0x800'2abc     0x4  startup_stm32f407xx.o [1]
  .text              ro code   0x800'2ac0     0x4  startup_stm32f407xx.o [1]
  .text              ro code   0x800'2ac4     0x4  startup_stm32f407xx.o [1]
  .text              ro code   0x800'2ac8     0x4  startup_stm32f407xx.o [1]
  .text              ro code   0x800'2acc     0x4  startup_stm32f407xx.o [1]
  .text              ro code   0x800'2ad0     0x4  startup_stm32f407xx.o [1]
  .text              ro code   0x800'2ad4     0x4  startup_stm32f407xx.o [1]
  .text              ro code   0x800'2ad8     0x4  startup_stm32f407xx.o [1]
  .text              ro code   0x800'2adc     0x4  startup_stm32f407xx.o [1]
  .text              ro code   0x800'2ae0     0x4  startup_stm32f407xx.o [1]
  .text              ro code   0x800'2ae4     0x4  startup_stm32f407xx.o [1]
  .text              ro code   0x800'2ae8     0x4  startup_stm32f407xx.o [1]
  .text              ro code   0x800'2aec     0x4  startup_stm32f407xx.o [1]
  .text              ro code   0x800'2af0     0x4  startup_stm32f407xx.o [1]
  .text              ro code   0x800'2af4     0x4  startup_stm32f407xx.o [1]
  .text              ro code   0x800'2af8     0x4  startup_stm32f407xx.o [1]
  .text              ro code   0x800'2afc     0x4  startup_stm32f407xx.o [1]
  .text              ro code   0x800'2b00     0x4  startup_stm32f407xx.o [1]
  .text              ro code   0x800'2b04     0x4  startup_stm32f407xx.o [1]
  .text              ro code   0x800'2b08     0x4  startup_stm32f407xx.o [1]
  .text              ro code   0x800'2b0c     0x4  startup_stm32f407xx.o [1]
  .text              ro code   0x800'2b10     0x4  startup_stm32f407xx.o [1]
  .text              ro code   0x800'2b14     0x4  startup_stm32f407xx.o [1]
  .text              ro code   0x800'2b18     0x4  startup_stm32f407xx.o [1]
  .text              ro code   0x800'2b1c     0x4  startup_stm32f407xx.o [1]
  .text              ro code   0x800'2b20     0x4  startup_stm32f407xx.o [1]
  .text              ro code   0x800'2b24     0x4  startup_stm32f407xx.o [1]
  .text              ro code   0x800'2b28     0x4  startup_stm32f407xx.o [1]
  .text              ro code   0x800'2b2c     0x4  startup_stm32f407xx.o [1]
  .text              ro code   0x800'2b30     0x4  startup_stm32f407xx.o [1]
  .text              ro code   0x800'2b34     0x4  startup_stm32f407xx.o [1]
  .text              ro code   0x800'2b38     0x4  startup_stm32f407xx.o [1]
  .text              ro code   0x800'2b3c     0x4  startup_stm32f407xx.o [1]
  .text              ro code   0x800'2b40     0x4  startup_stm32f407xx.o [1]
  .text              ro code   0x800'2b44     0x4  startup_stm32f407xx.o [1]
  .text              ro code   0x800'2b48     0x4  startup_stm32f407xx.o [1]
  .text              ro code   0x800'2b4c     0x4  startup_stm32f407xx.o [1]
  .text              ro code   0x800'2b50     0x4  startup_stm32f407xx.o [1]
  .text              ro code   0x800'2b54     0x4  startup_stm32f407xx.o [1]
  .text              ro code   0x800'2b58     0x4  startup_stm32f407xx.o [1]
  .text              ro code   0x800'2b5c     0x4  startup_stm32f407xx.o [1]
  .text              ro code   0x800'2b60     0x4  startup_stm32f407xx.o [1]
  .text              ro code   0x800'2b64     0x4  startup_stm32f407xx.o [1]
  .text              ro code   0x800'2b68     0x4  startup_stm32f407xx.o [1]
  .text              ro code   0x800'2b6c     0x4  startup_stm32f407xx.o [1]
  .text              ro code   0x800'2b70     0x4  startup_stm32f407xx.o [1]
  .text              ro code   0x800'2b74     0x4  startup_stm32f407xx.o [1]
  .text              ro code   0x800'2b78     0x4  startup_stm32f407xx.o [1]
  .text              ro code   0x800'2b7c     0x4  startup_stm32f407xx.o [1]
  .text              ro code   0x800'2b80     0x4  startup_stm32f407xx.o [1]
  .text              ro code   0x800'2b84     0x4  startup_stm32f407xx.o [1]
  .text              ro code   0x800'2b88     0x4  startup_stm32f407xx.o [1]
  .text              ro code   0x800'2b8c     0x4  startup_stm32f407xx.o [1]
  .text              ro code   0x800'2b90     0x4  startup_stm32f407xx.o [1]
  .text              ro code   0x800'2b94     0x4  startup_stm32f407xx.o [1]
  .text              ro code   0x800'2b98     0x4  startup_stm32f407xx.o [1]
  .text              ro code   0x800'2b9c     0x4  startup_stm32f407xx.o [1]
  .text              ro code   0x800'2ba0     0x4  startup_stm32f407xx.o [1]
  .text              ro code   0x800'2ba4     0x4  startup_stm32f407xx.o [1]
  .text              ro code   0x800'2ba8     0x4  startup_stm32f407xx.o [1]
  .text              ro code   0x800'2bac     0x4  startup_stm32f407xx.o [1]
  .text              ro code   0x800'2bb0     0x4  startup_stm32f407xx.o [1]
  .text              ro code   0x800'2bb4     0x4  startup_stm32f407xx.o [1]
  .text              ro code   0x800'2bb8     0x4  startup_stm32f407xx.o [1]
  .rodata            const     0x800'2bbc     0x0  zero_init3.o [4]
  .rodata            const     0x800'2bbc     0x0  copy_init3.o [4]
                             - 0x800'2bbc  0x2a34

"P2", part 1 of 3:                           0x10
  P2-1                        0x2000'0000    0x10  <Init block>
    .data            inited   0x2000'0000     0xc  stm32f4xx_hal.o [1]
    .data            inited   0x2000'000c     0x4  system_stm32f4xx.o [1]
                            - 0x2000'0010    0x10

"P2", part 2 of 3:                          0x8bc
  .bss               zero     0x2000'0010   0x3cc  usb_host.o [1]
  .bss               zero     0x2000'03dc   0x2c4  usbh_conf.o [1]
  .bss               zero     0x2000'06a0    0x98  main.o [1]
  .bss               zero     0x2000'0738    0x60  main.o [1]
  .bss               zero     0x2000'0798    0x60  main.o [1]
  .bss               zero     0x2000'07f8    0x60  main.o [1]
  .bss               zero     0x2000'0858    0x60  main.o [1]
  .bss               zero     0x2000'08b8     0x8  actuateMCU.o [1]
  .bss               zero     0x2000'08c0     0x8  DMA.o [1]
  .bss               zero     0x2000'08c8     0x4  stm32f4xx_ll_usb.o [1]
                            - 0x2000'08cc   0x8bc

"P2", part 3 of 3:                          0x400
  CSTACK                      0x2000'08d0   0x400  <Block>
    CSTACK           uninit   0x2000'08d0   0x400  <Block tail>
                            - 0x2000'0cd0   0x400

Unused ranges:

         From           To      Size
         ----           --      ----
   0x800'2bbc   0x80f'ffff  0xf'd444
  0x2000'08cc  0x2000'08cf       0x4
  0x2000'0cd0  0x2001'ffff  0x1'f330


*******************************************************************************
*** INIT TABLE
***

          Address      Size
          -------      ----
Zero (__iar_zero_init3)
    1 destination range, total size 0x8bc:
          0x2000'0010  0x8bc

Copy (__iar_copy_init3)
    1 source range, total size 0x10:
           0x800'2a70   0x10
    1 destination range, total size 0x10:
          0x2000'0000   0x10



*******************************************************************************
*** MODULE SUMMARY
***

    Module                  ro code  ro data  rw data
    ------                  -------  -------  -------
command line/config:
    -------------------------------------------------
    Total:

C:\Users\David R Joslin\Desktop\ee_475\capstone-quadcopter\RxTx_ExternalController\STM_ExternalController\EWARM\STM_ExternalController\Obj: [1]
    DMA.o                       172                 8
    USART.o                     140
    actuateMCU.o                 40                 8
    main.o                      814               536
    startup_stm32f407xx.o       704
    stm32f4xx_hal.o             132       12       12
    stm32f4xx_hal_cortex.o      168
    stm32f4xx_hal_dma.o         292
    stm32f4xx_hal_gpio.o        484
    stm32f4xx_hal_hcd.o       1'756
    stm32f4xx_hal_msp.o         492
    stm32f4xx_hal_rcc.o       1'212
    stm32f4xx_hal_spi.o         130
    stm32f4xx_hal_uart.o        348
    stm32f4xx_it.o               48
    stm32f4xx_ll_usb.o        1'188                 4
    system_stm32f4xx.o           44       12        4
    usb_host.o                   12               972
    usbh_conf.o                 216               708
    usbh_core.o                 798
    usbh_ctlreq.o             1'012
    usbh_ioreq.o                112
    usbh_pipes.o                106
    -------------------------------------------------
    Total:                   10'420       24    2'252

dl7M_tlf.a: [2]
    exit.o                        4
    low_level_init.o              4
    -------------------------------------------------
    Total:                        8

m7M_tls.a: [3]
    fpinit_M.o                   34
    -------------------------------------------------
    Total:                       34

rt7M_tl.a: [4]
    ABImemclr4.o                  6
    ABImemset.o                 102
    ABImemset48.o                50
    I64DivMod_small.o           262
    I64DivZer.o                   2
    cexit.o                      10
    cmain.o                      30
    copy_init3.o                 46
    cstartup_M.o                 12
    data_init.o                  40
    memset.o                     20
    zero_init3.o                 58
    -------------------------------------------------
    Total:                      638

shb_l.a: [5]
    exit.o                       20
    -------------------------------------------------
    Total:                       20

    Gaps                         14        2
    Linker created                        36    1'024
-----------------------------------------------------
    Grand Total:             11'134       62    3'276


*******************************************************************************
*** ENTRY LIST
***

Entry                       Address   Size  Type      Object
-----                       -------   ----  ----      ------
.iar.init_table$$Base    0x800'29f4          --   Gb  - Linker created -
.iar.init_table$$Limit   0x800'2a18          --   Gb  - Linker created -
?main                    0x800'2a19         Code  Gb  cmain.o [4]
AHBPrescTable            0x800'2970   0x10  Data  Gb  system_stm32f4xx.o [1]
APBPrescTable            0x800'2a8c    0x8  Data  Gb  system_stm32f4xx.o [1]
BusFault_Handler         0x800'291b    0x2  Code  Gb  stm32f4xx_it.o [1]
CSTACK$$Base            0x2000'08d0          --   Gb  - Linker created -
CSTACK$$Limit           0x2000'0cd0          --   Gb  - Linker created -
DMA2_STREAM1_IT_HANDLER
                         0x800'283d   0x24  Code  Gb  DMA.o [1]
DMA2_STREAM6_IT_HANDLER
                         0x800'2861    0xc  Code  Gb  DMA.o [1]
DMA2_Stream0_IRQHandler
                         0x800'292b    0x2  Code  Gb  stm32f4xx_it.o [1]
DMA2_Stream1_IRQHandler
                         0x800'292d    0x4  Code  Gb  stm32f4xx_it.o [1]
DMA2_Stream3_IRQHandler
                         0x800'2931    0x2  Code  Gb  stm32f4xx_it.o [1]
DMA2_Stream6_IRQHandler
                         0x800'293d    0x4  Code  Gb  stm32f4xx_it.o [1]
DMA_CalcBaseAndBitshift
                         0x800'27a9   0x26  Code  Lc  stm32f4xx_hal_dma.o [1]
DMA_CalcBaseAndBitshift::flagBitshiftOffset
                         0x800'27d0    0x8  Data  Lc  stm32f4xx_hal_dma.o [1]
DMA_Config_USART6_RX     0x800'27dd   0x34  Code  Gb  DMA.o [1]
DMA_TX_USART6            0x800'2811   0x2c  Code  Gb  DMA.o [1]
DeInitStateMachine       0x800'0e09   0x42  Code  Lc  usbh_core.o [1]
DebugMon_Handler         0x800'2921    0x2  Code  Gb  stm32f4xx_it.o [1]
Error_Handler            0x800'19cd    0x2  Code  Gb  main.o [1]
HAL_DMA_Init             0x800'26b5   0xee  Code  Gb  stm32f4xx_hal_dma.o [1]
HAL_Delay                0x800'0de1   0x28  Code  Wk  stm32f4xx_hal.o [1]
HAL_GPIO_Init            0x800'19e5  0x1ae  Code  Gb  stm32f4xx_hal_gpio.o [1]
HAL_GPIO_WritePin        0x800'1b93    0x8  Code  Gb  stm32f4xx_hal_gpio.o [1]
HAL_GetTick              0x800'1161    0xc  Code  Wk  stm32f4xx_hal.o [1]
HAL_HCD_Connect_Callback
                         0x800'0d11    0x8  Code  Gb  usbh_conf.o [1]
HAL_HCD_Disconnect_Callback
                         0x800'0d19    0x8  Code  Gb  usbh_conf.o [1]
HAL_HCD_GetCurrentSpeed
                         0x800'085f    0x6  Code  Gb  stm32f4xx_hal_hcd.o [1]
HAL_HCD_HC_GetURBState   0x800'0853    0xc  Code  Gb  stm32f4xx_hal_hcd.o [1]
HAL_HCD_HC_Init          0x800'0189   0x68  Code  Gb  stm32f4xx_hal_hcd.o [1]
HAL_HCD_HC_NotifyURBChange_Callback
                         0x800'0d21    0x2  Code  Gb  usbh_conf.o [1]
HAL_HCD_HC_SubmitRequest
                         0x800'01f1   0x8a  Code  Gb  stm32f4xx_hal_hcd.o [1]
HAL_HCD_IRQHandler       0x800'027b  0x534  Code  Gb  stm32f4xx_hal_hcd.o [1]
HAL_HCD_PortDisabled_Callback
                         0x800'0d2b    0x8  Code  Gb  usbh_conf.o [1]
HAL_HCD_PortEnabled_Callback
                         0x800'0d23    0x8  Code  Gb  usbh_conf.o [1]
HAL_HCD_ResetPort        0x800'084d    0x6  Code  Gb  stm32f4xx_hal_hcd.o [1]
HAL_HCD_SOF_Callback     0x800'0d09    0x8  Code  Gb  usbh_conf.o [1]
HAL_HCD_Start            0x800'07ff   0x1c  Code  Gb  stm32f4xx_hal_hcd.o [1]
HAL_HCD_Stop             0x800'0837   0x16  Code  Gb  stm32f4xx_hal_hcd.o [1]
HAL_IncTick              0x800'2945   0x10  Code  Wk  stm32f4xx_hal.o [1]
HAL_InitTick             0x800'2675   0x40  Code  Wk  stm32f4xx_hal.o [1]
HAL_NVIC_EnableIRQ       0x800'1c1d   0x16  Code  Gb  stm32f4xx_hal_cortex.o [1]
HAL_NVIC_SetPriority     0x800'1be3   0x3a  Code  Gb  stm32f4xx_hal_cortex.o [1]
HAL_RCC_ClockConfig      0x800'216d  0x100  Code  Gb  stm32f4xx_hal_rcc.o [1]
HAL_RCC_GetPCLK1Freq     0x800'2279   0x10  Code  Gb  stm32f4xx_hal_rcc.o [1]
HAL_RCC_GetPCLK2Freq     0x800'2289    0xe  Code  Gb  stm32f4xx_hal_rcc.o [1]
HAL_RCC_OscConfig        0x800'1e5d  0x310  Code  Wk  stm32f4xx_hal_rcc.o [1]
HAL_SPI_Init             0x800'1c71   0x76  Code  Gb  stm32f4xx_hal_spi.o [1]
HAL_SPI_MspInit          0x800'2381   0xcc  Code  Gb  stm32f4xx_hal_msp.o [1]
HAL_SYSTICK_Config       0x800'1c33   0x28  Code  Gb  stm32f4xx_hal_cortex.o [1]
HAL_UART_Init            0x800'1cf5   0x1e  Code  Gb  stm32f4xx_hal_uart.o [1]
HAL_UART_MspInit         0x800'2461   0xa8  Code  Gb  stm32f4xx_hal_msp.o [1]
HardFault_Handler        0x800'2917    0x2  Code  Gb  stm32f4xx_it.o [1]
LED_ON                  0x2000'08bc    0x4  Data  Gb  actuateMCU.o [1]
MX_USB_HOST_Process      0x800'1e51    0x6  Code  Gb  usb_host.o [1]
MemManage_Handler        0x800'2919    0x2  Code  Gb  stm32f4xx_it.o [1]
NMI_Handler              0x800'2915    0x2  Code  Gb  stm32f4xx_it.o [1]
OTG_FS_IRQHandler        0x800'2933    0x6  Code  Gb  stm32f4xx_it.o [1]
PendSV_Handler           0x800'2923    0x2  Code  Gb  stm32f4xx_it.o [1]
RX_BUFFER               0x2000'08c0    0x4  Data  Gb  DMA.o [1]
RX_POINTER              0x2000'08c4    0x4  Data  Gb  DMA.o [1]
Region$$Table$$Base      0x800'29f4          --   Gb  - Linker created -
Region$$Table$$Limit     0x800'2a18          --   Gb  - Linker created -
SPI1_IRQHandler          0x800'2929    0x2  Code  Gb  stm32f4xx_it.o [1]
STM_Config               0x800'16a1  0x240  Code  Gb  main.o [1]
SVC_Handler              0x800'291f    0x2  Code  Gb  stm32f4xx_it.o [1]
SysTick_Handler          0x800'2925    0x4  Code  Gb  stm32f4xx_it.o [1]
SystemClock_Config       0x800'1903   0x98  Code  Gb  main.o [1]
SystemCoreClock         0x2000'000c    0x4  Data  Gb  system_stm32f4xx.o [1]
SystemInit               0x800'2955   0x14  Code  Gb  system_stm32f4xx.o [1]
UART_SetConfig           0x800'1d6b   0xca  Code  Lc  stm32f4xx_hal_uart.o [1]
USART6_IRQHandler        0x800'2941    0x4  Code  Gb  stm32f4xx_it.o [1]
USART6_IT_HANDLER        0x800'28d3   0x32  Code  Gb  USART.o [1]
USART6_RX_Config         0x800'2889   0x24  Code  Gb  USART.o [1]
USBH_AllocPipe           0x800'118f   0x36  Code  Gb  usbh_pipes.o [1]
USBH_CtlReceiveData      0x800'1625    0xa  Code  Gb  usbh_ioreq.o [1]
USBH_CtlReq              0x800'1431  0x198  Code  Gb  usbh_ctlreq.o [1]
USBH_CtlSendData         0x800'1619    0xc  Code  Gb  usbh_ioreq.o [1]
USBH_CtlSendSetup        0x800'1603   0x16  Code  Gb  usbh_ioreq.o [1]
USBH_Delay               0x800'0dcb    0x4  Code  Gb  usbh_conf.o [1]
USBH_FreePipe            0x800'11c5   0x18  Code  Gb  usbh_pipes.o [1]
USBH_GetDescriptor       0x800'13a5   0x36  Code  Gb  usbh_ctlreq.o [1]
USBH_GetNextDesc         0x800'1421    0xe  Code  Gb  usbh_ctlreq.o [1]
USBH_Get_CfgDesc         0x800'1253  0x106  Code  Gb  usbh_ctlreq.o [1]
USBH_Get_DevDesc         0x800'11dd   0x76  Code  Gb  usbh_ctlreq.o [1]
USBH_Get_StringDesc      0x800'1359   0x4c  Code  Gb  usbh_ctlreq.o [1]
USBH_Get_USB_Status      0x800'0dcf   0x12  Code  Gb  usbh_conf.o [1]
USBH_LL_Connect          0x800'10c5   0x28  Code  Gb  usbh_core.o [1]
USBH_LL_Disconnect       0x800'10ed   0x32  Code  Gb  usbh_core.o [1]
USBH_LL_GetSpeed         0x800'0d4f   0x1c  Code  Gb  usbh_conf.o [1]
USBH_LL_GetURBState      0x800'0dc3    0x8  Code  Gb  usbh_conf.o [1]
USBH_LL_IncTimer         0x800'109d   0x1c  Code  Gb  usbh_core.o [1]
USBH_LL_OpenPipe         0x800'0d77   0x22  Code  Gb  usbh_conf.o [1]
USBH_LL_PortDisabled     0x800'10bd    0x2  Code  Gb  usbh_core.o [1]
USBH_LL_PortEnabled      0x800'10b9    0x4  Code  Gb  usbh_core.o [1]
USBH_LL_ResetPort        0x800'0d6b    0xc  Code  Gb  usbh_conf.o [1]
USBH_LL_Start            0x800'0d33    0xa  Code  Gb  usbh_conf.o [1]
USBH_LL_Stop             0x800'0d43    0xc  Code  Gb  usbh_conf.o [1]
USBH_LL_SubmitURB        0x800'0d99   0x2a  Code  Gb  usbh_conf.o [1]
USBH_OpenPipe            0x800'1173   0x1c  Code  Gb  usbh_pipes.o [1]
USBH_Process             0x800'0e4d  0x248  Code  Gb  usbh_core.o [1]
USBH_SetAddress          0x800'13db   0x16  Code  Gb  usbh_ctlreq.o [1]
USBH_SetCfg              0x800'13f1   0x14  Code  Gb  usbh_ctlreq.o [1]
USBH_SetFeature          0x800'140b   0x16  Code  Gb  usbh_ctlreq.o [1]
USB_DoPing               0x800'0c5f   0x18  Code  Gb  stm32f4xx_ll_usb.o [1]
USB_DriveVbus            0x800'096b   0x40  Code  Gb  stm32f4xx_ll_usb.o [1]
USB_EnableGlobalInt      0x800'0865    0x8  Code  Gb  stm32f4xx_ll_usb.o [1]
USB_FlushRxFifo          0x800'0891   0x1a  Code  Gb  stm32f4xx_ll_usb.o [1]
USB_FlushTxFifo          0x800'0873   0x1e  Code  Gb  stm32f4xx_ll_usb.o [1]
USB_GetHostSpeed         0x800'09ab   0x18  Code  Gb  stm32f4xx_ll_usb.o [1]
USB_GetMode              0x800'08fd    0x8  Code  Gb  stm32f4xx_ll_usb.o [1]
USB_HC_Halt              0x800'0bd7   0x6e  Code  Gb  stm32f4xx_ll_usb.o [1]
USB_HC_Init              0x800'09c5   0xd6  Code  Gb  stm32f4xx_ll_usb.o [1]
USB_HC_ReadInterrupt     0x800'0bcd    0xa  Code  Gb  stm32f4xx_ll_usb.o [1]
USB_HC_StartXfer         0x800'0a9d  0x130  Code  Gb  stm32f4xx_ll_usb.o [1]
USB_HC_StartXfer::tmpreg
                        0x2000'08c8    0x4  Data  Lc  stm32f4xx_ll_usb.o [1]
USB_InitFSLSPClkSel      0x800'0905   0x30  Code  Gb  stm32f4xx_ll_usb.o [1]
USB_ReadInterrupts       0x800'08f3    0xa  Code  Gb  stm32f4xx_ll_usb.o [1]
USB_ReadPacket           0x800'08cf   0x1e  Code  Gb  stm32f4xx_ll_usb.o [1]
USB_ResetPort            0x800'0935   0x36  Code  Gb  stm32f4xx_ll_usb.o [1]
USB_StopHost             0x800'0c89   0x74  Code  Gb  stm32f4xx_ll_usb.o [1]
USB_WritePacket          0x800'08ab   0x24  Code  Gb  stm32f4xx_ll_usb.o [1]
UsageFault_Handler       0x800'291d    0x2  Code  Gb  stm32f4xx_it.o [1]
__NVIC_SetPriority       0x800'1bc9   0x1a  Code  Lc  stm32f4xx_hal_cortex.o [1]
__aeabi_ldiv0            0x800'27d9         Code  Gb  I64DivZer.o [4]
__aeabi_memclr4          0x800'116d         Code  Gb  ABImemclr4.o [4]
__aeabi_memset           0x800'2319         Code  Gb  ABImemset.o [4]
__cmain                  0x800'2a19         Code  Gb  cmain.o [4]
__exit                   0x800'2a4d   0x14  Code  Gb  exit.o [5]
__iar_Memset             0x800'2319         Code  Gb  ABImemset.o [4]
__iar_Memset4_word       0x800'15d1         Code  Gb  ABImemset48.o [4]
__iar_Memset8_word       0x800'15d1         Code  Gb  ABImemset48.o [4]
__iar_Memset_word        0x800'2321         Code  Gb  ABImemset.o [4]
__iar_copy_init3         0x800'1673   0x2e  Code  Gb  copy_init3.o [4]
__iar_data_init3         0x800'29a9   0x28  Code  Gb  data_init.o [4]
__iar_init_vfp           0x800'29d1         Code  Gb  fpinit_M.o [3]
__iar_program_start      0x800'2a81         Code  Gb  cstartup_M.o [4]
__iar_small_uldivmod     0x800'256d         Code  Gb  I64DivMod_small.o [4]
__iar_zero_init3         0x800'1127   0x3a  Code  Gb  zero_init3.o [4]
__low_level_init         0x800'2a37    0x4  Code  Gb  low_level_init.o [2]
__vector_table           0x800'0000         Data  Gb  startup_stm32f407xx.o [1]
_call_main               0x800'2a25         Code  Gb  cmain.o [4]
_exit                    0x800'2a41         Code  Gb  cexit.o [4]
_main                    0x800'2a33         Code  Gb  cmain.o [4]
exit                     0x800'2a3b    0x4  Code  Gb  exit.o [2]
hUsbHostFS              0x2000'0010  0x3cc  Data  Gb  usb_host.o [1]
hdma_spi1_rx            0x2000'0798   0x60  Data  Gb  main.o [1]
hdma_spi1_tx            0x2000'0738   0x60  Data  Gb  main.o [1]
hdma_usart6_rx          0x2000'0858   0x60  Data  Gb  main.o [1]
hdma_usart6_tx          0x2000'07f8   0x60  Data  Gb  main.o [1]
hhcd_USB_OTG_FS         0x2000'03dc  0x2c4  Data  Gb  usbh_conf.o [1]
hspi1                   0x2000'06a0   0x58  Data  Gb  main.o [1]
huart6                  0x2000'06f8   0x40  Data  Gb  main.o [1]
main                     0x800'2981   0x28  Code  Gb  actuateMCU.o [1]
memset                   0x800'19cf   0x14  Code  Gb  memset.o [4]
rxReceived              0x2000'08b8    0x4  Data  Gb  actuateMCU.o [1]
txBufferUSART6           0x800'28ad   0x26  Code  Gb  USART.o [1]
uwTick                  0x2000'0004    0x4  Data  Gb  stm32f4xx_hal.o [1]
uwTickFreq              0x2000'0000    0x1  Data  Gb  stm32f4xx_hal.o [1]
uwTickPrio              0x2000'0008    0x4  Data  Gb  stm32f4xx_hal.o [1]


[1] = C:\Users\David R Joslin\Desktop\ee_475\capstone-quadcopter\RxTx_ExternalController\STM_ExternalController\EWARM\STM_ExternalController\Obj
[2] = dl7M_tlf.a
[3] = m7M_tls.a
[4] = rt7M_tl.a
[5] = shb_l.a

  11'134 bytes of readonly  code memory
      62 bytes of readonly  data memory
   3'276 bytes of readwrite data memory

Errors: none
Warnings: none
